exports[`test throws an error if the reducer state is not given 1`] = `"Missing required reducer: COMMUNICATION_REDUCER_STATE"`;
