exports[`test it displays its children in a <nav /> tag. 1`] = `
<nav
  style={
    Object {
      "WebkitJustifyContent": "center",
      "display": "flex",
      "flexDirection": "column",
      "height": "100%",
      "justifyContent": "center",
      "width": 700,
    }
  }>
  <div
    className="ui inverted secondary menu"
    style={
      Object {
        "height": "100%",
        "marginBottom": 0,
        "marginTop": 0,
      }
    }>
    <div
      className="item"
      onClick={[Function]}>
      <div>
        Test Nav Item 0
      </div>
    </div>
    <div
      className="item"
      onClick={[Function]}>
      <div>
        Test Nav Item 1
      </div>
    </div>
    <div
      className="item"
      onClick={[Function]}>
      <div>
        Test Nav Item 2
      </div>
    </div>
  </div>
</nav>
`;
